{
    "require": {
        "friendsofphp/php-cs-fixer": "v2.16.7",
        "phpmd/phpmd": "2.9.1",
        "phpunit/phpunit": "9.4.3",
        "rector/rector": "0.8.56",
        "squizlabs/php_codesniffer": "3.5.8",
        "vimeo/psalm": "4.2.1"
    },
    "require-dev": {
        "nilportugues/php_backslasher": "1.1.4"
    }
}
